::ffff:192.168.2.58 - - [19/Oct/2024:17:39:36 +0000] "GET /v1/api/wallets/670fd74427d112822f1f92fb/messages HTTP/1.1" 304 - "-" "okhttp/4.9.2"
::ffff:192.168.2.58 - - [19/Oct/2024:17:39:41 +0000] "GET /v1/api/wallets/670fd74427d112822f1f92fb/messages HTTP/1.1" 304 - "-" "okhttp/4.9.2"
::ffff:192.168.2.58 - - [19/Oct/2024:17:39:46 +0000] "GET /v1/api/wallets/670fd74427d112822f1f92fb/messages HTTP/1.1" 304 - "-" "okhttp/4.9.2"
::ffff:192.168.2.58 - - [19/Oct/2024:17:39:51 +0000] "GET /v1/api/wallets/670fd74427d112822f1f92fb/messages HTTP/1.1" 304 - "-" "okhttp/4.9.2"
::ffff:192.168.2.58 - - [19/Oct/2024:17:39:56 +0000] "GET /v1/api/wallets/670fd74427d112822f1f92fb/messages HTTP/1.1" 304 - "-" "okhttp/4.9.2"
::ffff:192.168.2.58 - - [19/Oct/2024:17:40:01 +0000] "GET /v1/api/wallets/670fd74427d112822f1f92fb/messages HTTP/1.1" 304 - "-" "okhttp/4.9.2"
::ffff:192.168.2.58 - - [19/Oct/2024:17:40:06 +0000] "GET /v1/api/wallets/670fd74427d112822f1f92fb/messages HTTP/1.1" 304 - "-" "okhttp/4.9.2"
::ffff:192.168.2.58 - - [19/Oct/2024:17:40:14 +0000] "GET /v1/api/wallets/670fd74427d112822f1f92fb HTTP/1.1" 304 - "-" "okhttp/4.9.2"
::ffff:192.168.2.58 - - [19/Oct/2024:17:40:14 +0000] "GET /v1/api/transactions/670fd74427d112822f1f92fb?limit=20&sort=desc&period=all&category= HTTP/1.1" 304 - "-" "okhttp/4.9.2"
::1 - - [19/Oct/2024:17:48:56 +0000] "GET /v1/api/users/info HTTP/1.1" 401 35 "-" "PostmanRuntime/7.42.0"
::1 - - [19/Oct/2024:17:49:11 +0000] "GET /v1/api/users/info HTTP/1.1" 400 88 "-" "PostmanRuntime/7.42.0"
::1 - - [19/Oct/2024:17:49:18 +0000] "GET /v1/api/users/info HTTP/1.1" 401 35 "-" "PostmanRuntime/7.42.0"
::1 - - [19/Oct/2024:17:49:27 +0000] "GET /v1/api/users/info HTTP/1.1" 401 35 "-" "PostmanRuntime/7.42.0"
::1 - - [19/Oct/2024:17:49:28 +0000] "GET /v1/api/users/info HTTP/1.1" 401 35 "-" "PostmanRuntime/7.42.0"
::1 - - [19/Oct/2024:17:49:29 +0000] "GET /v1/api/users/info HTTP/1.1" 401 35 "-" "PostmanRuntime/7.42.0"
::1 - - [19/Oct/2024:17:49:30 +0000] "GET /v1/api/users/info HTTP/1.1" 401 35 "-" "PostmanRuntime/7.42.0"
::1 - - [19/Oct/2024:17:49:49 +0000] "GET /v1/api/users/info HTTP/1.1" 401 35 "-" "PostmanRuntime/7.42.0"
::1 - - [19/Oct/2024:17:49:50 +0000] "GET /v1/api/users/info HTTP/1.1" 401 35 "-" "PostmanRuntime/7.42.0"
::1 - - [19/Oct/2024:17:49:56 +0000] "GET /v1/api/users/info HTTP/1.1" 401 35 "-" "PostmanRuntime/7.42.0"
::1 - - [19/Oct/2024:17:50:29 +0000] "GET /v1/api/users/info HTTP/1.1" 200 222 "-" "PostmanRuntime/7.42.0"
::1 - - [19/Oct/2024:18:00:20 +0000] "GET /v1/api/users/info HTTP/1.1" 500 44 "-" "PostmanRuntime/7.42.0"
::1 - - [19/Oct/2024:18:00:24 +0000] "GET /v1/api/users/671353c3d24065b5451a60b4 HTTP/1.1" 200 222 "-" "PostmanRuntime/7.42.0"
::ffff:192.168.2.58 - - [19/Oct/2024:18:04:26 +0000] "GET /v1/api/transactions/670fd74427d112822f1f92fb?limit=20&sort=desc&period=all&category= HTTP/1.1" 304 - "-" "okhttp/4.9.2"
::ffff:192.168.2.58 - - [19/Oct/2024:18:04:26 +0000] "GET /v1/api/wallets/670fd74427d112822f1f92fb HTTP/1.1" 304 - "-" "okhttp/4.9.2"
::ffff:192.168.2.58 - - [19/Oct/2024:18:04:28 +0000] "GET /v1/api/wallets/670fd74427d112822f1f92fb/messages HTTP/1.1" 304 - "-" "okhttp/4.9.2"
::ffff:192.168.2.58 - - [19/Oct/2024:18:05:45 +0000] "GET /v1/api/transactions/670fd74427d112822f1f92fb?limit=20&sort=desc&period=all&category= HTTP/1.1" 304 - "-" "okhttp/4.9.2"
::ffff:192.168.2.58 - - [19/Oct/2024:18:05:45 +0000] "GET /v1/api/wallets/670fd74427d112822f1f92fb HTTP/1.1" 304 - "-" "okhttp/4.9.2"
::ffff:192.168.2.58 - - [19/Oct/2024:18:05:50 +0000] "GET /v1/api/wallets/670fd74427d112822f1f92fb/messages HTTP/1.1" 304 - "-" "okhttp/4.9.2"
::ffff:192.168.2.58 - - [19/Oct/2024:18:07:39 +0000] "GET /v1/api/wallets/670fd74427d112822f1f92fb HTTP/1.1" 304 - "-" "okhttp/4.9.2"
::ffff:192.168.2.58 - - [19/Oct/2024:18:07:39 +0000] "GET /v1/api/transactions/670fd74427d112822f1f92fb?limit=20&sort=desc&period=all&category= HTTP/1.1" 304 - "-" "okhttp/4.9.2"
::ffff:192.168.2.58 - - [19/Oct/2024:18:08:35 +0000] "GET /v1/api/wallets/670fd74427d112822f1f92fb/messages HTTP/1.1" 304 - "-" "okhttp/4.9.2"
::ffff:192.168.2.58 - - [19/Oct/2024:18:08:35 +0000] "GET /v1/api/users/false HTTP/1.1" 500 44 "-" "okhttp/4.9.2"
::ffff:192.168.2.58 - - [19/Oct/2024:18:08:40 +0000] "GET /v1/api/wallets/670fd74427d112822f1f92fb/messages HTTP/1.1" 304 - "-" "okhttp/4.9.2"
::ffff:192.168.2.58 - - [19/Oct/2024:18:08:45 +0000] "GET /v1/api/wallets/670fd74427d112822f1f92fb/messages HTTP/1.1" 304 - "-" "okhttp/4.9.2"
::ffff:192.168.2.58 - - [19/Oct/2024:18:08:50 +0000] "GET /v1/api/wallets/670fd74427d112822f1f92fb/messages HTTP/1.1" 304 - "-" "okhttp/4.9.2"
::ffff:192.168.2.58 - - [19/Oct/2024:18:08:55 +0000] "GET /v1/api/wallets/670fd74427d112822f1f92fb/messages HTTP/1.1" 304 - "-" "okhttp/4.9.2"
::ffff:192.168.2.58 - - [19/Oct/2024:18:09:00 +0000] "GET /v1/api/wallets/670fd74427d112822f1f92fb/messages HTTP/1.1" 304 - "-" "okhttp/4.9.2"
::ffff:192.168.2.58 - - [19/Oct/2024:18:09:05 +0000] "GET /v1/api/wallets/670fd74427d112822f1f92fb/messages HTTP/1.1" 304 - "-" "okhttp/4.9.2"
::ffff:192.168.2.58 - - [19/Oct/2024:18:09:10 +0000] "GET /v1/api/wallets/670fd74427d112822f1f92fb/messages HTTP/1.1" 304 - "-" "okhttp/4.9.2"
::ffff:192.168.2.58 - - [19/Oct/2024:18:09:14 +0000] "GET /v1/api/wallets/670fd74427d112822f1f92fb/messages HTTP/1.1" 304 - "-" "okhttp/4.9.2"
::ffff:192.168.2.58 - - [19/Oct/2024:18:09:19 +0000] "GET /v1/api/wallets/670fd74427d112822f1f92fb/messages HTTP/1.1" 304 - "-" "okhttp/4.9.2"
::ffff:192.168.2.58 - - [19/Oct/2024:18:09:28 +0000] "GET /v1/api/wallets/670fd74427d112822f1f92fb/messages HTTP/1.1" 304 - "-" "okhttp/4.9.2"
::ffff:192.168.2.58 - - [19/Oct/2024:18:09:33 +0000] "GET /v1/api/wallets/670fd74427d112822f1f92fb/messages HTTP/1.1" 304 - "-" "okhttp/4.9.2"
::ffff:192.168.2.58 - - [19/Oct/2024:18:09:38 +0000] "GET /v1/api/wallets/670fd74427d112822f1f92fb/messages HTTP/1.1" 304 - "-" "okhttp/4.9.2"
::ffff:192.168.2.58 - - [19/Oct/2024:18:09:43 +0000] "GET /v1/api/wallets/670fd74427d112822f1f92fb/messages HTTP/1.1" 304 - "-" "okhttp/4.9.2"
::ffff:192.168.2.58 - - [19/Oct/2024:18:09:48 +0000] "GET /v1/api/wallets/670fd74427d112822f1f92fb/messages HTTP/1.1" 304 - "-" "okhttp/4.9.2"
::ffff:192.168.2.58 - - [19/Oct/2024:18:09:53 +0000] "GET /v1/api/wallets/670fd74427d112822f1f92fb/messages HTTP/1.1" 304 - "-" "okhttp/4.9.2"
::ffff:192.168.2.58 - - [19/Oct/2024:18:09:57 +0000] "GET /v1/api/users/670fe04db41a7885b8e3957b HTTP/1.1" 200 262 "-" "okhttp/4.9.2"
::ffff:192.168.2.58 - - [19/Oct/2024:18:10:02 +0000] "GET /v1/api/wallets/670fd74427d112822f1f92fb/messages HTTP/1.1" 304 - "-" "okhttp/4.9.2"
::ffff:192.168.2.58 - - [19/Oct/2024:18:10:07 +0000] "GET /v1/api/wallets/670fd74427d112822f1f92fb/messages HTTP/1.1" 304 - "-" "okhttp/4.9.2"
::ffff:192.168.2.58 - - [19/Oct/2024:18:10:12 +0000] "GET /v1/api/wallets/670fd74427d112822f1f92fb/messages HTTP/1.1" 304 - "-" "okhttp/4.9.2"
::ffff:192.168.2.58 - - [19/Oct/2024:18:10:17 +0000] "GET /v1/api/wallets/670fd74427d112822f1f92fb/messages HTTP/1.1" 304 - "-" "okhttp/4.9.2"
::ffff:192.168.2.58 - - [19/Oct/2024:18:10:19 +0000] "GET /v1/api/users/undefined HTTP/1.1" 500 44 "-" "okhttp/4.9.2"
::ffff:192.168.2.58 - - [19/Oct/2024:18:10:23 +0000] "GET /v1/api/wallets/670fd74427d112822f1f92fb/messages HTTP/1.1" 304 - "-" "okhttp/4.9.2"
::ffff:192.168.2.58 - - [19/Oct/2024:18:10:28 +0000] "GET /v1/api/wallets/670fd74427d112822f1f92fb/messages HTTP/1.1" 304 - "-" "okhttp/4.9.2"
::ffff:192.168.2.58 - - [19/Oct/2024:18:10:38 +0000] "GET /v1/api/wallets/670fd74427d112822f1f92fb/messages HTTP/1.1" 304 - "-" "okhttp/4.9.2"
::ffff:192.168.2.58 - - [19/Oct/2024:18:10:43 +0000] "GET /v1/api/wallets/670fd74427d112822f1f92fb/messages HTTP/1.1" 304 - "-" "okhttp/4.9.2"
::ffff:192.168.2.58 - - [19/Oct/2024:18:10:51 +0000] "GET /v1/api/wallets/670fd74427d112822f1f92fb/messages HTTP/1.1" 304 - "-" "okhttp/4.9.2"
::ffff:192.168.2.58 - - [19/Oct/2024:18:10:56 +0000] "GET /v1/api/wallets/670fd74427d112822f1f92fb/messages HTTP/1.1" 304 - "-" "okhttp/4.9.2"
::ffff:192.168.2.58 - - [19/Oct/2024:18:11:01 +0000] "GET /v1/api/wallets/670fd74427d112822f1f92fb/messages HTTP/1.1" 304 - "-" "okhttp/4.9.2"
::ffff:192.168.2.58 - - [19/Oct/2024:18:11:06 +0000] "GET /v1/api/wallets/670fd74427d112822f1f92fb/messages HTTP/1.1" 304 - "-" "okhttp/4.9.2"
::ffff:192.168.2.58 - - [19/Oct/2024:18:11:11 +0000] "GET /v1/api/wallets/670fd74427d112822f1f92fb/messages HTTP/1.1" 304 - "-" "okhttp/4.9.2"
::ffff:192.168.2.58 - - [19/Oct/2024:18:11:16 +0000] "GET /v1/api/users HTTP/1.1" 304 - "-" "okhttp/4.9.2"
::ffff:192.168.2.58 - - [19/Oct/2024:18:12:14 +0000] "GET /v1/api/users/670fe04db41a7885b8e3957b HTTP/1.1" 304 - "-" "okhttp/4.9.2"
::ffff:192.168.2.58 - - [19/Oct/2024:18:12:14 +0000] "GET /v1/api/wallets/670fd74427d112822f1f92fb/messages HTTP/1.1" 304 - "-" "okhttp/4.9.2"
::ffff:192.168.2.58 - - [19/Oct/2024:18:12:19 +0000] "GET /v1/api/wallets/670fd74427d112822f1f92fb/messages HTTP/1.1" 304 - "-" "okhttp/4.9.2"
::ffff:192.168.2.58 - - [19/Oct/2024:18:12:24 +0000] "GET /v1/api/wallets/670fd74427d112822f1f92fb/messages HTTP/1.1" 304 - "-" "okhttp/4.9.2"
::ffff:192.168.2.58 - - [19/Oct/2024:18:12:29 +0000] "GET /v1/api/wallets/670fd74427d112822f1f92fb/messages HTTP/1.1" 304 - "-" "okhttp/4.9.2"
::ffff:192.168.2.58 - - [19/Oct/2024:18:12:34 +0000] "GET /v1/api/wallets/670fd74427d112822f1f92fb/messages HTTP/1.1" 304 - "-" "okhttp/4.9.2"
::ffff:192.168.2.58 - - [19/Oct/2024:18:12:39 +0000] "GET /v1/api/wallets/670fd74427d112822f1f92fb/messages HTTP/1.1" 304 - "-" "okhttp/4.9.2"
::ffff:192.168.2.58 - - [19/Oct/2024:18:12:44 +0000] "GET /v1/api/wallets/670fd74427d112822f1f92fb/messages HTTP/1.1" 304 - "-" "okhttp/4.9.2"
::ffff:192.168.2.58 - - [19/Oct/2024:18:12:49 +0000] "GET /v1/api/wallets/670fd74427d112822f1f92fb/messages HTTP/1.1" 304 - "-" "okhttp/4.9.2"
::ffff:192.168.2.58 - - [19/Oct/2024:18:12:54 +0000] "GET /v1/api/wallets/670fd74427d112822f1f92fb/messages HTTP/1.1" 304 - "-" "okhttp/4.9.2"
::ffff:192.168.2.58 - - [19/Oct/2024:18:12:59 +0000] "GET /v1/api/wallets/670fd74427d112822f1f92fb/messages HTTP/1.1" 304 - "-" "okhttp/4.9.2"
::ffff:192.168.2.58 - - [19/Oct/2024:18:13:04 +0000] "GET /v1/api/wallets/670fd74427d112822f1f92fb/messages HTTP/1.1" 304 - "-" "okhttp/4.9.2"
::ffff:192.168.2.58 - - [19/Oct/2024:18:13:09 +0000] "GET /v1/api/wallets/670fd74427d112822f1f92fb/messages HTTP/1.1" 304 - "-" "okhttp/4.9.2"
::ffff:192.168.2.58 - - [19/Oct/2024:18:13:14 +0000] "GET /v1/api/wallets/670fd74427d112822f1f92fb/messages HTTP/1.1" 304 - "-" "okhttp/4.9.2"
::ffff:192.168.2.58 - - [19/Oct/2024:18:13:19 +0000] "GET /v1/api/wallets/670fd74427d112822f1f92fb/messages HTTP/1.1" 304 - "-" "okhttp/4.9.2"
::ffff:192.168.2.58 - - [19/Oct/2024:18:13:24 +0000] "GET /v1/api/wallets/670fd74427d112822f1f92fb/messages HTTP/1.1" 304 - "-" "okhttp/4.9.2"
::ffff:192.168.2.58 - - [19/Oct/2024:18:13:29 +0000] "GET /v1/api/wallets/670fd74427d112822f1f92fb/messages HTTP/1.1" 304 - "-" "okhttp/4.9.2"
::ffff:192.168.2.58 - - [19/Oct/2024:18:13:34 +0000] "GET /v1/api/wallets/670fd74427d112822f1f92fb/messages HTTP/1.1" 304 - "-" "okhttp/4.9.2"
::ffff:192.168.2.58 - - [19/Oct/2024:18:13:39 +0000] "GET /v1/api/wallets/670fd74427d112822f1f92fb/messages HTTP/1.1" 304 - "-" "okhttp/4.9.2"
::ffff:192.168.2.58 - - [19/Oct/2024:18:13:44 +0000] "GET /v1/api/wallets/670fd74427d112822f1f92fb/messages HTTP/1.1" 304 - "-" "okhttp/4.9.2"
::ffff:192.168.2.58 - - [19/Oct/2024:18:13:49 +0000] "GET /v1/api/wallets/670fd74427d112822f1f92fb/messages HTTP/1.1" 304 - "-" "okhttp/4.9.2"
::ffff:192.168.2.58 - - [19/Oct/2024:18:13:54 +0000] "GET /v1/api/wallets/670fd74427d112822f1f92fb/messages HTTP/1.1" 304 - "-" "okhttp/4.9.2"
::ffff:192.168.2.58 - - [19/Oct/2024:18:13:59 +0000] "GET /v1/api/wallets/670fd74427d112822f1f92fb/messages HTTP/1.1" 304 - "-" "okhttp/4.9.2"
::ffff:192.168.2.58 - - [19/Oct/2024:18:14:04 +0000] "GET /v1/api/wallets/670fd74427d112822f1f92fb/messages HTTP/1.1" 304 - "-" "okhttp/4.9.2"
::ffff:192.168.2.58 - - [19/Oct/2024:18:14:09 +0000] "GET /v1/api/wallets/670fd74427d112822f1f92fb/messages HTTP/1.1" 304 - "-" "okhttp/4.9.2"
::ffff:192.168.2.58 - - [19/Oct/2024:18:14:14 +0000] "GET /v1/api/wallets/670fd74427d112822f1f92fb/messages HTTP/1.1" 304 - "-" "okhttp/4.9.2"
::ffff:192.168.2.58 - - [19/Oct/2024:18:14:19 +0000] "GET /v1/api/wallets/670fd74427d112822f1f92fb/messages HTTP/1.1" 304 - "-" "okhttp/4.9.2"
::ffff:192.168.2.58 - - [19/Oct/2024:18:14:24 +0000] "GET /v1/api/wallets/670fd74427d112822f1f92fb/messages HTTP/1.1" 304 - "-" "okhttp/4.9.2"
::ffff:192.168.2.58 - - [19/Oct/2024:18:14:29 +0000] "GET /v1/api/wallets/670fd74427d112822f1f92fb/messages HTTP/1.1" 304 - "-" "okhttp/4.9.2"
::ffff:192.168.2.58 - - [19/Oct/2024:18:14:34 +0000] "GET /v1/api/wallets/670fd74427d112822f1f92fb/messages HTTP/1.1" 304 - "-" "okhttp/4.9.2"
::ffff:192.168.2.58 - - [19/Oct/2024:18:14:39 +0000] "GET /v1/api/wallets/670fd74427d112822f1f92fb/messages HTTP/1.1" 304 - "-" "okhttp/4.9.2"
::ffff:192.168.2.58 - - [19/Oct/2024:18:14:44 +0000] "GET /v1/api/wallets/670fd74427d112822f1f92fb/messages HTTP/1.1" 304 - "-" "okhttp/4.9.2"
::ffff:192.168.2.58 - - [19/Oct/2024:18:14:49 +0000] "GET /v1/api/wallets/670fd74427d112822f1f92fb/messages HTTP/1.1" 304 - "-" "okhttp/4.9.2"
::ffff:192.168.2.58 - - [19/Oct/2024:18:14:54 +0000] "GET /v1/api/wallets/670fd74427d112822f1f92fb/messages HTTP/1.1" 304 - "-" "okhttp/4.9.2"
::ffff:192.168.2.58 - - [19/Oct/2024:18:14:59 +0000] "GET /v1/api/wallets/670fd74427d112822f1f92fb/messages HTTP/1.1" 304 - "-" "okhttp/4.9.2"
::ffff:192.168.2.58 - - [19/Oct/2024:18:15:04 +0000] "GET /v1/api/wallets/670fd74427d112822f1f92fb/messages HTTP/1.1" 304 - "-" "okhttp/4.9.2"
::ffff:192.168.2.58 - - [19/Oct/2024:18:15:09 +0000] "GET /v1/api/wallets/670fd74427d112822f1f92fb/messages HTTP/1.1" 304 - "-" "okhttp/4.9.2"
::ffff:192.168.2.58 - - [19/Oct/2024:18:15:14 +0000] "GET /v1/api/wallets/670fd74427d112822f1f92fb/messages HTTP/1.1" 304 - "-" "okhttp/4.9.2"
::ffff:192.168.2.58 - - [19/Oct/2024:18:15:19 +0000] "GET /v1/api/wallets/670fd74427d112822f1f92fb/messages HTTP/1.1" 304 - "-" "okhttp/4.9.2"
::ffff:192.168.2.58 - - [19/Oct/2024:18:15:24 +0000] "GET /v1/api/wallets/670fd74427d112822f1f92fb/messages HTTP/1.1" 304 - "-" "okhttp/4.9.2"
::ffff:192.168.2.58 - - [19/Oct/2024:18:15:29 +0000] "GET /v1/api/wallets/670fd74427d112822f1f92fb/messages HTTP/1.1" 304 - "-" "okhttp/4.9.2"
::ffff:192.168.2.58 - - [19/Oct/2024:18:15:34 +0000] "GET /v1/api/wallets/670fd74427d112822f1f92fb/messages HTTP/1.1" 304 - "-" "okhttp/4.9.2"
::ffff:192.168.2.58 - - [19/Oct/2024:18:15:39 +0000] "GET /v1/api/wallets/670fd74427d112822f1f92fb/messages HTTP/1.1" 304 - "-" "okhttp/4.9.2"
::ffff:192.168.2.58 - - [19/Oct/2024:18:15:44 +0000] "GET /v1/api/wallets/670fd74427d112822f1f92fb/messages HTTP/1.1" 304 - "-" "okhttp/4.9.2"
::ffff:192.168.2.58 - - [19/Oct/2024:18:15:49 +0000] "GET /v1/api/wallets/670fd74427d112822f1f92fb/messages HTTP/1.1" 304 - "-" "okhttp/4.9.2"
::ffff:192.168.2.58 - - [19/Oct/2024:18:15:54 +0000] "GET /v1/api/wallets/670fd74427d112822f1f92fb/messages HTTP/1.1" 304 - "-" "okhttp/4.9.2"
::ffff:192.168.2.58 - - [19/Oct/2024:18:15:59 +0000] "GET /v1/api/wallets/670fd74427d112822f1f92fb/messages HTTP/1.1" 304 - "-" "okhttp/4.9.2"
::ffff:192.168.2.58 - - [19/Oct/2024:18:16:04 +0000] "GET /v1/api/wallets/670fd74427d112822f1f92fb/messages HTTP/1.1" 304 - "-" "okhttp/4.9.2"
::ffff:192.168.2.58 - - [19/Oct/2024:18:16:09 +0000] "GET /v1/api/wallets/670fd74427d112822f1f92fb/messages HTTP/1.1" 304 - "-" "okhttp/4.9.2"
::ffff:192.168.2.58 - - [19/Oct/2024:18:16:14 +0000] "GET /v1/api/wallets/670fd74427d112822f1f92fb/messages HTTP/1.1" 304 - "-" "okhttp/4.9.2"
::ffff:192.168.2.58 - - [19/Oct/2024:18:16:19 +0000] "GET /v1/api/wallets/670fd74427d112822f1f92fb/messages HTTP/1.1" 304 - "-" "okhttp/4.9.2"
::ffff:192.168.2.58 - - [19/Oct/2024:18:16:24 +0000] "GET /v1/api/wallets/670fd74427d112822f1f92fb/messages HTTP/1.1" 304 - "-" "okhttp/4.9.2"
::ffff:192.168.2.58 - - [19/Oct/2024:18:16:29 +0000] "GET /v1/api/wallets/670fd74427d112822f1f92fb/messages HTTP/1.1" 304 - "-" "okhttp/4.9.2"
::ffff:192.168.2.58 - - [19/Oct/2024:18:16:34 +0000] "GET /v1/api/wallets/670fd74427d112822f1f92fb/messages HTTP/1.1" 304 - "-" "okhttp/4.9.2"
::ffff:192.168.2.58 - - [19/Oct/2024:18:16:39 +0000] "GET /v1/api/wallets/670fd74427d112822f1f92fb/messages HTTP/1.1" 304 - "-" "okhttp/4.9.2"
::ffff:192.168.2.58 - - [19/Oct/2024:18:16:44 +0000] "GET /v1/api/wallets/670fd74427d112822f1f92fb/messages HTTP/1.1" 304 - "-" "okhttp/4.9.2"
::ffff:192.168.2.58 - - [19/Oct/2024:18:16:49 +0000] "GET /v1/api/wallets/670fd74427d112822f1f92fb/messages HTTP/1.1" 304 - "-" "okhttp/4.9.2"
::ffff:192.168.2.58 - - [19/Oct/2024:18:16:54 +0000] "GET /v1/api/wallets/670fd74427d112822f1f92fb/messages HTTP/1.1" 304 - "-" "okhttp/4.9.2"
::ffff:192.168.2.58 - - [19/Oct/2024:18:16:59 +0000] "GET /v1/api/wallets/670fd74427d112822f1f92fb/messages HTTP/1.1" 304 - "-" "okhttp/4.9.2"
::ffff:192.168.2.58 - - [19/Oct/2024:18:17:04 +0000] "GET /v1/api/wallets/670fd74427d112822f1f92fb/messages HTTP/1.1" 304 - "-" "okhttp/4.9.2"
::ffff:192.168.2.58 - - [19/Oct/2024:18:17:09 +0000] "GET /v1/api/wallets/670fd74427d112822f1f92fb/messages HTTP/1.1" 304 - "-" "okhttp/4.9.2"
::ffff:192.168.2.58 - - [19/Oct/2024:18:17:14 +0000] "GET /v1/api/wallets/670fd74427d112822f1f92fb/messages HTTP/1.1" 304 - "-" "okhttp/4.9.2"
::ffff:192.168.2.58 - - [19/Oct/2024:18:17:19 +0000] "GET /v1/api/wallets/670fd74427d112822f1f92fb/messages HTTP/1.1" 304 - "-" "okhttp/4.9.2"
::ffff:192.168.2.58 - - [19/Oct/2024:18:17:24 +0000] "GET /v1/api/wallets/670fd74427d112822f1f92fb/messages HTTP/1.1" 304 - "-" "okhttp/4.9.2"
::ffff:192.168.2.58 - - [19/Oct/2024:18:17:29 +0000] "GET /v1/api/wallets/670fd74427d112822f1f92fb/messages HTTP/1.1" 304 - "-" "okhttp/4.9.2"
::ffff:192.168.2.58 - - [19/Oct/2024:18:17:34 +0000] "GET /v1/api/wallets/670fd74427d112822f1f92fb/messages HTTP/1.1" 304 - "-" "okhttp/4.9.2"
::ffff:192.168.2.58 - - [19/Oct/2024:18:17:39 +0000] "GET /v1/api/wallets/670fd74427d112822f1f92fb/messages HTTP/1.1" 304 - "-" "okhttp/4.9.2"
::ffff:192.168.2.58 - - [19/Oct/2024:18:17:44 +0000] "GET /v1/api/wallets/670fd74427d112822f1f92fb/messages HTTP/1.1" 304 - "-" "okhttp/4.9.2"
::ffff:192.168.2.58 - - [19/Oct/2024:18:17:49 +0000] "GET /v1/api/wallets/670fd74427d112822f1f92fb/messages HTTP/1.1" 304 - "-" "okhttp/4.9.2"
::ffff:192.168.2.58 - - [19/Oct/2024:18:17:54 +0000] "GET /v1/api/wallets/670fd74427d112822f1f92fb/messages HTTP/1.1" 304 - "-" "okhttp/4.9.2"
::ffff:192.168.2.58 - - [19/Oct/2024:18:17:59 +0000] "GET /v1/api/wallets/670fd74427d112822f1f92fb/messages HTTP/1.1" 304 - "-" "okhttp/4.9.2"
::ffff:192.168.2.58 - - [19/Oct/2024:18:18:04 +0000] "GET /v1/api/wallets/670fd74427d112822f1f92fb/messages HTTP/1.1" 304 - "-" "okhttp/4.9.2"
::ffff:192.168.2.58 - - [19/Oct/2024:18:18:09 +0000] "GET /v1/api/wallets/670fd74427d112822f1f92fb/messages HTTP/1.1" 304 - "-" "okhttp/4.9.2"
::ffff:192.168.2.58 - - [19/Oct/2024:18:18:14 +0000] "GET /v1/api/wallets/670fd74427d112822f1f92fb/messages HTTP/1.1" 304 - "-" "okhttp/4.9.2"
::ffff:192.168.2.58 - - [19/Oct/2024:18:18:19 +0000] "GET /v1/api/wallets/670fd74427d112822f1f92fb/messages HTTP/1.1" 304 - "-" "okhttp/4.9.2"
::ffff:192.168.2.58 - - [19/Oct/2024:18:18:24 +0000] "GET /v1/api/wallets/670fd74427d112822f1f92fb/messages HTTP/1.1" 304 - "-" "okhttp/4.9.2"
::ffff:192.168.2.58 - - [19/Oct/2024:18:18:29 +0000] "GET /v1/api/wallets/670fd74427d112822f1f92fb/messages HTTP/1.1" 304 - "-" "okhttp/4.9.2"
::ffff:192.168.2.58 - - [19/Oct/2024:18:18:34 +0000] "GET /v1/api/wallets/670fd74427d112822f1f92fb/messages HTTP/1.1" 304 - "-" "okhttp/4.9.2"
::ffff:192.168.2.58 - - [19/Oct/2024:18:18:39 +0000] "GET /v1/api/wallets/670fd74427d112822f1f92fb/messages HTTP/1.1" 304 - "-" "okhttp/4.9.2"
::ffff:192.168.2.58 - - [19/Oct/2024:18:18:44 +0000] "GET /v1/api/wallets/670fd74427d112822f1f92fb/messages HTTP/1.1" 304 - "-" "okhttp/4.9.2"
::ffff:192.168.2.58 - - [19/Oct/2024:18:18:49 +0000] "GET /v1/api/wallets/670fd74427d112822f1f92fb/messages HTTP/1.1" 304 - "-" "okhttp/4.9.2"
::ffff:192.168.2.58 - - [19/Oct/2024:18:18:54 +0000] "GET /v1/api/wallets/670fd74427d112822f1f92fb/messages HTTP/1.1" 304 - "-" "okhttp/4.9.2"
::ffff:192.168.2.58 - - [19/Oct/2024:18:18:55 +0000] "GET /v1/api/users/false HTTP/1.1" 500 44 "-" "okhttp/4.9.2"
::ffff:192.168.2.58 - - [19/Oct/2024:18:19:00 +0000] "GET /v1/api/wallets/670fd74427d112822f1f92fb/messages HTTP/1.1" 304 - "-" "okhttp/4.9.2"
::ffff:192.168.2.58 - - [19/Oct/2024:18:19:05 +0000] "GET /v1/api/wallets/670fd74427d112822f1f92fb/messages HTTP/1.1" 304 - "-" "okhttp/4.9.2"
::ffff:192.168.2.58 - - [19/Oct/2024:18:19:10 +0000] "GET /v1/api/wallets/670fd74427d112822f1f92fb/messages HTTP/1.1" 304 - "-" "okhttp/4.9.2"
::ffff:192.168.2.58 - - [19/Oct/2024:18:19:16 +0000] "GET /v1/api/users/false HTTP/1.1" 500 44 "-" "okhttp/4.9.2"
::ffff:192.168.2.58 - - [19/Oct/2024:18:19:26 +0000] "GET /v1/api/transactions/670fd74427d112822f1f92fb?limit=20&sort=desc&period=all&category= HTTP/1.1" 304 - "-" "okhttp/4.9.2"
::ffff:192.168.2.58 - - [19/Oct/2024:18:19:26 +0000] "GET /v1/api/wallets/670fd74427d112822f1f92fb HTTP/1.1" 304 - "-" "okhttp/4.9.2"
::ffff:192.168.2.58 - - [19/Oct/2024:18:20:20 +0000] "GET /v1/api/users/670fe04db41a7885b8e3957b HTTP/1.1" 304 - "-" "okhttp/4.9.2"
::ffff:192.168.2.58 - - [19/Oct/2024:18:20:20 +0000] "GET /v1/api/wallets/670fd74427d112822f1f92fb/messages HTTP/1.1" 304 - "-" "okhttp/4.9.2"
::ffff:192.168.2.58 - - [19/Oct/2024:18:20:21 +0000] "GET /v1/api/users/false HTTP/1.1" 500 44 "-" "okhttp/4.9.2"
::ffff:192.168.2.58 - - [19/Oct/2024:18:20:26 +0000] "GET /v1/api/users/false HTTP/1.1" 500 44 "-" "okhttp/4.9.2"
::ffff:192.168.2.58 - - [19/Oct/2024:18:20:33 +0000] "GET /v1/api/users/false HTTP/1.1" 500 44 "-" "okhttp/4.9.2"
::ffff:192.168.2.58 - - [19/Oct/2024:18:20:38 +0000] "GET /v1/api/wallets/670fd74427d112822f1f92fb/messages HTTP/1.1" 304 - "-" "okhttp/4.9.2"
::ffff:192.168.2.58 - - [19/Oct/2024:18:21:17 +0000] "GET /v1/api/users/false HTTP/1.1" 500 44 "-" "okhttp/4.9.2"
::ffff:192.168.2.58 - - [19/Oct/2024:18:21:22 +0000] "GET /v1/api/wallets/670fd74427d112822f1f92fb/messages HTTP/1.1" 304 - "-" "okhttp/4.9.2"
::ffff:192.168.2.58 - - [19/Oct/2024:18:23:07 +0000] "GET /v1/api/wallets/670fd74427d112822f1f92fb/messages HTTP/1.1" 304 - "-" "okhttp/4.9.2"
::ffff:192.168.2.58 - - [19/Oct/2024:18:23:07 +0000] "GET /v1/api/users/false HTTP/1.1" 500 44 "-" "okhttp/4.9.2"
::ffff:192.168.2.58 - - [19/Oct/2024:18:23:12 +0000] "GET /v1/api/wallets/670fd74427d112822f1f92fb/messages HTTP/1.1" 304 - "-" "okhttp/4.9.2"
::ffff:192.168.2.58 - - [19/Oct/2024:18:23:17 +0000] "GET /v1/api/wallets/670fd74427d112822f1f92fb/messages HTTP/1.1" 304 - "-" "okhttp/4.9.2"
::ffff:192.168.2.58 - - [19/Oct/2024:18:23:22 +0000] "GET /v1/api/wallets/670fd74427d112822f1f92fb/messages HTTP/1.1" 304 - "-" "okhttp/4.9.2"
::ffff:192.168.2.58 - - [19/Oct/2024:18:23:27 +0000] "GET /v1/api/wallets/670fd74427d112822f1f92fb/messages HTTP/1.1" 304 - "-" "okhttp/4.9.2"
::ffff:192.168.2.58 - - [19/Oct/2024:18:23:32 +0000] "GET /v1/api/wallets/670fd74427d112822f1f92fb/messages HTTP/1.1" 304 - "-" "okhttp/4.9.2"
::ffff:192.168.2.58 - - [19/Oct/2024:18:23:37 +0000] "GET /v1/api/wallets/670fd74427d112822f1f92fb/messages HTTP/1.1" 304 - "-" "okhttp/4.9.2"
::ffff:192.168.2.58 - - [19/Oct/2024:18:23:42 +0000] "GET /v1/api/wallets/670fd74427d112822f1f92fb/messages HTTP/1.1" 304 - "-" "okhttp/4.9.2"
::ffff:192.168.2.58 - - [19/Oct/2024:18:23:47 +0000] "GET /v1/api/wallets/670fd74427d112822f1f92fb/messages HTTP/1.1" 304 - "-" "okhttp/4.9.2"
::ffff:192.168.2.58 - - [19/Oct/2024:18:23:50 +0000] "GET /v1/api/users/false HTTP/1.1" 500 44 "-" "okhttp/4.9.2"
::ffff:192.168.2.58 - - [19/Oct/2024:18:23:55 +0000] "GET /v1/api/wallets/670fd74427d112822f1f92fb/messages HTTP/1.1" 304 - "-" "okhttp/4.9.2"
::ffff:192.168.2.58 - - [19/Oct/2024:18:24:00 +0000] "GET /v1/api/wallets/670fd74427d112822f1f92fb/messages HTTP/1.1" 304 - "-" "okhttp/4.9.2"
::ffff:192.168.2.58 - - [19/Oct/2024:18:24:05 +0000] "GET /v1/api/wallets/670fd74427d112822f1f92fb/messages HTTP/1.1" 304 - "-" "okhttp/4.9.2"
::ffff:192.168.2.58 - - [19/Oct/2024:18:24:10 +0000] "GET /v1/api/wallets/670fd74427d112822f1f92fb/messages HTTP/1.1" 304 - "-" "okhttp/4.9.2"
::ffff:192.168.2.58 - - [19/Oct/2024:18:24:15 +0000] "GET /v1/api/wallets/670fd74427d112822f1f92fb/messages HTTP/1.1" 304 - "-" "okhttp/4.9.2"
::ffff:192.168.2.58 - - [19/Oct/2024:18:24:20 +0000] "GET /v1/api/wallets/670fd74427d112822f1f92fb/messages HTTP/1.1" 304 - "-" "okhttp/4.9.2"
::ffff:192.168.2.58 - - [19/Oct/2024:18:24:25 +0000] "GET /v1/api/wallets/670fd74427d112822f1f92fb/messages HTTP/1.1" 304 - "-" "okhttp/4.9.2"
::ffff:192.168.2.58 - - [19/Oct/2024:18:24:26 +0000] "GET /v1/api/users/670fd72527d112822f1f92f4 HTTP/1.1" 200 262 "-" "okhttp/4.9.2"
::ffff:192.168.2.58 - - [19/Oct/2024:18:24:31 +0000] "GET /v1/api/wallets/670fd74427d112822f1f92fb/messages HTTP/1.1" 304 - "-" "okhttp/4.9.2"
::ffff:192.168.2.58 - - [19/Oct/2024:18:24:36 +0000] "GET /v1/api/wallets/670fd74427d112822f1f92fb/messages HTTP/1.1" 304 - "-" "okhttp/4.9.2"
::ffff:192.168.2.58 - - [19/Oct/2024:18:24:41 +0000] "GET /v1/api/wallets/670fd74427d112822f1f92fb/messages HTTP/1.1" 304 - "-" "okhttp/4.9.2"
::ffff:192.168.2.58 - - [19/Oct/2024:18:24:46 +0000] "GET /v1/api/wallets/670fd74427d112822f1f92fb/messages HTTP/1.1" 304 - "-" "okhttp/4.9.2"
::ffff:192.168.2.58 - - [19/Oct/2024:18:24:51 +0000] "GET /v1/api/wallets/670fd74427d112822f1f92fb/messages HTTP/1.1" 304 - "-" "okhttp/4.9.2"
::ffff:192.168.2.58 - - [19/Oct/2024:18:24:56 +0000] "GET /v1/api/wallets/670fd74427d112822f1f92fb/messages HTTP/1.1" 304 - "-" "okhttp/4.9.2"
::ffff:192.168.2.58 - - [19/Oct/2024:18:25:01 +0000] "GET /v1/api/wallets/670fd74427d112822f1f92fb/messages HTTP/1.1" 304 - "-" "okhttp/4.9.2"
::ffff:192.168.2.58 - - [19/Oct/2024:18:25:02 +0000] "GET /v1/api/users/670fe04db41a7885b8e3957b HTTP/1.1" 304 - "-" "okhttp/4.9.2"
::ffff:192.168.2.58 - - [19/Oct/2024:18:25:07 +0000] "GET /v1/api/wallets/670fd74427d112822f1f92fb/messages HTTP/1.1" 304 - "-" "okhttp/4.9.2"
::ffff:192.168.2.58 - - [19/Oct/2024:18:25:15 +0000] "GET /v1/api/wallets/670fd74427d112822f1f92fb/messages HTTP/1.1" 304 - "-" "okhttp/4.9.2"
::ffff:192.168.2.58 - - [19/Oct/2024:18:25:20 +0000] "GET /v1/api/wallets/670fd74427d112822f1f92fb/messages HTTP/1.1" 304 - "-" "okhttp/4.9.2"
::ffff:192.168.2.58 - - [19/Oct/2024:18:25:27 +0000] "GET /v1/api/wallets/670fd74427d112822f1f92fb/messages HTTP/1.1" 304 - "-" "okhttp/4.9.2"
::1 - - [19/Oct/2024:18:25:29 +0000] "GET /v1/api/users/671353c3d24065b5451a60b4 HTTP/1.1" 200 222 "-" "PostmanRuntime/7.42.0"
::ffff:192.168.2.58 - - [19/Oct/2024:18:25:32 +0000] "GET /v1/api/wallets/670fd74427d112822f1f92fb/messages HTTP/1.1" 304 - "-" "okhttp/4.9.2"
::ffff:192.168.2.58 - - [19/Oct/2024:18:25:37 +0000] "GET /v1/api/wallets/670fd74427d112822f1f92fb/messages HTTP/1.1" 304 - "-" "okhttp/4.9.2"
::ffff:192.168.2.58 - - [19/Oct/2024:18:25:42 +0000] "GET /v1/api/wallets/670fd74427d112822f1f92fb/messages HTTP/1.1" 304 - "-" "okhttp/4.9.2"
::ffff:192.168.2.58 - - [19/Oct/2024:18:25:47 +0000] "GET /v1/api/wallets/670fd74427d112822f1f92fb/messages HTTP/1.1" 304 - "-" "okhttp/4.9.2"
::ffff:192.168.2.58 - - [19/Oct/2024:18:25:52 +0000] "GET /v1/api/wallets/670fd74427d112822f1f92fb/messages HTTP/1.1" 304 - "-" "okhttp/4.9.2"
::ffff:192.168.2.58 - - [19/Oct/2024:18:25:57 +0000] "GET /v1/api/wallets/670fd74427d112822f1f92fb/messages HTTP/1.1" 304 - "-" "okhttp/4.9.2"
::ffff:192.168.2.58 - - [19/Oct/2024:18:26:02 +0000] "GET /v1/api/wallets/670fd74427d112822f1f92fb/messages HTTP/1.1" 304 - "-" "okhttp/4.9.2"
::ffff:192.168.2.58 - - [19/Oct/2024:18:26:07 +0000] "GET /v1/api/wallets/670fd74427d112822f1f92fb/messages HTTP/1.1" 304 - "-" "okhttp/4.9.2"
::1 - - [19/Oct/2024:18:26:10 +0000] "POST /v1/api/wallets/670fd74427d112822f1f92fb/message HTTP/1.1" 200 300 "-" "PostmanRuntime/7.42.0"
::ffff:192.168.2.58 - - [19/Oct/2024:18:26:12 +0000] "GET /v1/api/wallets/670fd74427d112822f1f92fb/messages HTTP/1.1" 200 - "-" "okhttp/4.9.2"
::ffff:192.168.2.58 - - [19/Oct/2024:18:26:17 +0000] "GET /v1/api/wallets/670fd74427d112822f1f92fb/messages HTTP/1.1" 304 - "-" "okhttp/4.9.2"
::ffff:192.168.2.58 - - [19/Oct/2024:18:26:22 +0000] "GET /v1/api/wallets/670fd74427d112822f1f92fb/messages HTTP/1.1" 304 - "-" "okhttp/4.9.2"
::ffff:192.168.2.58 - - [19/Oct/2024:18:26:27 +0000] "GET /v1/api/wallets/670fd74427d112822f1f92fb/messages HTTP/1.1" 304 - "-" "okhttp/4.9.2"
::ffff:192.168.2.58 - - [19/Oct/2024:18:26:32 +0000] "GET /v1/api/wallets/670fd74427d112822f1f92fb/messages HTTP/1.1" 304 - "-" "okhttp/4.9.2"
::ffff:192.168.2.58 - - [19/Oct/2024:18:26:40 +0000] "GET /v1/api/wallets/670fd74427d112822f1f92fb/messages HTTP/1.1" 304 - "-" "okhttp/4.9.2"
::ffff:192.168.2.58 - - [19/Oct/2024:18:26:45 +0000] "GET /v1/api/wallets/670fd74427d112822f1f92fb/messages HTTP/1.1" 304 - "-" "okhttp/4.9.2"
::1 - - [19/Oct/2024:18:26:46 +0000] "POST /v1/api/wallets/670fd74427d112822f1f92fb/message HTTP/1.1" 200 288 "-" "PostmanRuntime/7.42.0"
::ffff:192.168.2.58 - - [19/Oct/2024:18:26:50 +0000] "GET /v1/api/wallets/670fd74427d112822f1f92fb/messages HTTP/1.1" 200 - "-" "okhttp/4.9.2"
::ffff:192.168.2.58 - - [19/Oct/2024:18:26:55 +0000] "GET /v1/api/wallets/670fd74427d112822f1f92fb/messages HTTP/1.1" 304 - "-" "okhttp/4.9.2"
::ffff:192.168.2.58 - - [19/Oct/2024:18:27:00 +0000] "GET /v1/api/wallets/670fd74427d112822f1f92fb/messages HTTP/1.1" 304 - "-" "okhttp/4.9.2"
::ffff:192.168.2.58 - - [19/Oct/2024:18:27:05 +0000] "GET /v1/api/wallets/670fd74427d112822f1f92fb/messages HTTP/1.1" 304 - "-" "okhttp/4.9.2"
::ffff:192.168.2.58 - - [19/Oct/2024:18:27:10 +0000] "GET /v1/api/wallets/670fd74427d112822f1f92fb/messages HTTP/1.1" 304 - "-" "okhttp/4.9.2"
::ffff:192.168.2.58 - - [19/Oct/2024:18:27:15 +0000] "GET /v1/api/wallets/670fd74427d112822f1f92fb/messages HTTP/1.1" 304 - "-" "okhttp/4.9.2"
::1 - - [19/Oct/2024:18:27:18 +0000] "POST /v1/api/wallets/670fd74427d112822f1f92fb/message HTTP/1.1" 200 288 "-" "PostmanRuntime/7.42.0"
::ffff:192.168.2.58 - - [19/Oct/2024:18:27:20 +0000] "GET /v1/api/wallets/670fd74427d112822f1f92fb/messages HTTP/1.1" 200 - "-" "okhttp/4.9.2"
::ffff:192.168.2.58 - - [19/Oct/2024:18:27:25 +0000] "GET /v1/api/wallets/670fd74427d112822f1f92fb/messages HTTP/1.1" 304 - "-" "okhttp/4.9.2"
::ffff:192.168.2.58 - - [19/Oct/2024:18:27:30 +0000] "GET /v1/api/wallets/670fd74427d112822f1f92fb/messages HTTP/1.1" 304 - "-" "okhttp/4.9.2"
::ffff:192.168.2.58 - - [19/Oct/2024:18:27:35 +0000] "GET /v1/api/wallets/670fd74427d112822f1f92fb/messages HTTP/1.1" 304 - "-" "okhttp/4.9.2"
::ffff:192.168.2.58 - - [19/Oct/2024:18:27:40 +0000] "GET /v1/api/wallets/670fd74427d112822f1f92fb/messages HTTP/1.1" 304 - "-" "okhttp/4.9.2"
::ffff:192.168.2.58 - - [19/Oct/2024:18:27:45 +0000] "GET /v1/api/wallets/670fd74427d112822f1f92fb/messages HTTP/1.1" 304 - "-" "okhttp/4.9.2"
::ffff:192.168.2.58 - - [19/Oct/2024:18:27:50 +0000] "GET /v1/api/wallets/670fd74427d112822f1f92fb/messages HTTP/1.1" 304 - "-" "okhttp/4.9.2"
::ffff:192.168.2.58 - - [19/Oct/2024:18:27:55 +0000] "GET /v1/api/wallets/670fd74427d112822f1f92fb/messages HTTP/1.1" 304 - "-" "okhttp/4.9.2"
::ffff:192.168.2.58 - - [19/Oct/2024:18:28:00 +0000] "GET /v1/api/wallets/670fd74427d112822f1f92fb/messages HTTP/1.1" 304 - "-" "okhttp/4.9.2"
::ffff:192.168.2.58 - - [19/Oct/2024:18:28:05 +0000] "GET /v1/api/wallets/670fd74427d112822f1f92fb/messages HTTP/1.1" 304 - "-" "okhttp/4.9.2"
::ffff:192.168.2.58 - - [19/Oct/2024:18:28:10 +0000] "GET /v1/api/wallets/670fd74427d112822f1f92fb/messages HTTP/1.1" 304 - "-" "okhttp/4.9.2"
::ffff:192.168.2.58 - - [19/Oct/2024:18:28:15 +0000] "GET /v1/api/wallets/670fd74427d112822f1f92fb/messages HTTP/1.1" 304 - "-" "okhttp/4.9.2"
::ffff:192.168.2.58 - - [19/Oct/2024:18:28:20 +0000] "GET /v1/api/wallets/670fd74427d112822f1f92fb/messages HTTP/1.1" 304 - "-" "okhttp/4.9.2"
::ffff:192.168.2.58 - - [19/Oct/2024:18:28:25 +0000] "GET /v1/api/wallets/670fd74427d112822f1f92fb/messages HTTP/1.1" 304 - "-" "okhttp/4.9.2"
::ffff:192.168.2.58 - - [19/Oct/2024:18:28:30 +0000] "GET /v1/api/wallets/670fd74427d112822f1f92fb/messages HTTP/1.1" 304 - "-" "okhttp/4.9.2"
::ffff:192.168.2.58 - - [19/Oct/2024:18:28:40 +0000] "GET /v1/api/wallets/670fd74427d112822f1f92fb/messages HTTP/1.1" 304 - "-" "okhttp/4.9.2"
::ffff:192.168.2.58 - - [19/Oct/2024:18:28:45 +0000] "GET /v1/api/wallets/670fd74427d112822f1f92fb/messages HTTP/1.1" 304 - "-" "okhttp/4.9.2"
::ffff:192.168.2.58 - - [19/Oct/2024:18:28:50 +0000] "GET /v1/api/wallets/670fd74427d112822f1f92fb/messages HTTP/1.1" 304 - "-" "okhttp/4.9.2"
::ffff:192.168.2.58 - - [19/Oct/2024:18:28:55 +0000] "GET /v1/api/wallets/670fd74427d112822f1f92fb/messages HTTP/1.1" 304 - "-" "okhttp/4.9.2"
::ffff:192.168.2.58 - - [19/Oct/2024:18:29:00 +0000] "GET /v1/api/wallets/670fd74427d112822f1f92fb/messages HTTP/1.1" 304 - "-" "okhttp/4.9.2"
::ffff:192.168.2.58 - - [19/Oct/2024:18:29:05 +0000] "GET /v1/api/wallets/670fd74427d112822f1f92fb/messages HTTP/1.1" 304 - "-" "okhttp/4.9.2"
::ffff:192.168.2.58 - - [19/Oct/2024:18:29:10 +0000] "GET /v1/api/wallets/670fd74427d112822f1f92fb/messages HTTP/1.1" 304 - "-" "okhttp/4.9.2"
::ffff:192.168.2.58 - - [19/Oct/2024:18:29:15 +0000] "GET /v1/api/wallets/670fd74427d112822f1f92fb/messages HTTP/1.1" 304 - "-" "okhttp/4.9.2"
::1 - - [19/Oct/2024:18:29:19 +0000] "POST /v1/api/wallets/670fd74427d112822f1f92fb/message HTTP/1.1" 200 288 "-" "PostmanRuntime/7.42.0"
::ffff:192.168.2.58 - - [19/Oct/2024:18:29:20 +0000] "GET /v1/api/wallets/670fd74427d112822f1f92fb/messages HTTP/1.1" 200 - "-" "okhttp/4.9.2"
::ffff:192.168.2.58 - - [19/Oct/2024:18:29:25 +0000] "GET /v1/api/wallets/670fd74427d112822f1f92fb/messages HTTP/1.1" 304 - "-" "okhttp/4.9.2"
::ffff:192.168.2.58 - - [19/Oct/2024:18:29:30 +0000] "GET /v1/api/wallets/670fd74427d112822f1f92fb/messages HTTP/1.1" 304 - "-" "okhttp/4.9.2"
::ffff:192.168.2.58 - - [19/Oct/2024:18:29:38 +0000] "GET /v1/api/wallets/670fd74427d112822f1f92fb/messages HTTP/1.1" 304 - "-" "okhttp/4.9.2"
::1 - - [19/Oct/2024:18:29:40 +0000] "POST /v1/api/wallets/670fd74427d112822f1f92fb/message HTTP/1.1" 200 288 "-" "PostmanRuntime/7.42.0"
::ffff:192.168.2.58 - - [19/Oct/2024:18:29:41 +0000] "GET /v1/api/wallets/670fd74427d112822f1f92fb/messages HTTP/1.1" 200 - "-" "okhttp/4.9.2"
::ffff:192.168.2.58 - - [19/Oct/2024:18:29:44 +0000] "GET /v1/api/wallets/670fd74427d112822f1f92fb/messages HTTP/1.1" 304 - "-" "okhttp/4.9.2"
::ffff:192.168.2.58 - - [19/Oct/2024:18:29:47 +0000] "GET /v1/api/wallets/670fd74427d112822f1f92fb/messages HTTP/1.1" 304 - "-" "okhttp/4.9.2"
::ffff:192.168.2.58 - - [19/Oct/2024:18:29:50 +0000] "GET /v1/api/wallets/670fd74427d112822f1f92fb/messages HTTP/1.1" 304 - "-" "okhttp/4.9.2"
::ffff:192.168.2.58 - - [19/Oct/2024:18:29:53 +0000] "GET /v1/api/wallets/670fd74427d112822f1f92fb/messages HTTP/1.1" 304 - "-" "okhttp/4.9.2"
::ffff:192.168.2.58 - - [19/Oct/2024:18:29:56 +0000] "GET /v1/api/wallets/670fd74427d112822f1f92fb/messages HTTP/1.1" 304 - "-" "okhttp/4.9.2"
::ffff:192.168.2.58 - - [19/Oct/2024:18:29:59 +0000] "GET /v1/api/wallets/670fd74427d112822f1f92fb/messages HTTP/1.1" 304 - "-" "okhttp/4.9.2"
::ffff:192.168.2.58 - - [19/Oct/2024:18:30:02 +0000] "GET /v1/api/wallets/670fd74427d112822f1f92fb/messages HTTP/1.1" 304 - "-" "okhttp/4.9.2"
::ffff:192.168.2.58 - - [19/Oct/2024:18:30:05 +0000] "GET /v1/api/wallets/670fd74427d112822f1f92fb/messages HTTP/1.1" 304 - "-" "okhttp/4.9.2"
::ffff:192.168.2.58 - - [19/Oct/2024:18:30:08 +0000] "GET /v1/api/wallets/670fd74427d112822f1f92fb/messages HTTP/1.1" 304 - "-" "okhttp/4.9.2"
::ffff:192.168.2.58 - - [19/Oct/2024:18:30:11 +0000] "GET /v1/api/wallets/670fd74427d112822f1f92fb/messages HTTP/1.1" 304 - "-" "okhttp/4.9.2"
::ffff:192.168.2.58 - - [19/Oct/2024:18:30:14 +0000] "GET /v1/api/wallets/670fd74427d112822f1f92fb/messages HTTP/1.1" 304 - "-" "okhttp/4.9.2"
::ffff:192.168.2.58 - - [19/Oct/2024:18:30:17 +0000] "GET /v1/api/wallets/670fd74427d112822f1f92fb/messages HTTP/1.1" 304 - "-" "okhttp/4.9.2"
::ffff:192.168.2.58 - - [19/Oct/2024:18:30:20 +0000] "GET /v1/api/wallets/670fd74427d112822f1f92fb/messages HTTP/1.1" 304 - "-" "okhttp/4.9.2"
::ffff:192.168.2.58 - - [19/Oct/2024:18:30:23 +0000] "GET /v1/api/wallets/670fd74427d112822f1f92fb/messages HTTP/1.1" 304 - "-" "okhttp/4.9.2"
::ffff:192.168.2.58 - - [19/Oct/2024:18:30:26 +0000] "GET /v1/api/wallets/670fd74427d112822f1f92fb/messages HTTP/1.1" 304 - "-" "okhttp/4.9.2"
::ffff:192.168.2.58 - - [19/Oct/2024:18:30:29 +0000] "GET /v1/api/wallets/670fd74427d112822f1f92fb/messages HTTP/1.1" 304 - "-" "okhttp/4.9.2"
::ffff:192.168.2.58 - - [19/Oct/2024:18:30:32 +0000] "GET /v1/api/wallets/670fd74427d112822f1f92fb/messages HTTP/1.1" 304 - "-" "okhttp/4.9.2"
::ffff:192.168.2.58 - - [19/Oct/2024:18:30:35 +0000] "GET /v1/api/wallets/670fd74427d112822f1f92fb/messages HTTP/1.1" 304 - "-" "okhttp/4.9.2"
::ffff:192.168.2.58 - - [19/Oct/2024:18:30:38 +0000] "GET /v1/api/wallets/670fd74427d112822f1f92fb/messages HTTP/1.1" 304 - "-" "okhttp/4.9.2"
::ffff:192.168.2.58 - - [19/Oct/2024:18:30:41 +0000] "GET /v1/api/wallets/670fd74427d112822f1f92fb/messages HTTP/1.1" 304 - "-" "okhttp/4.9.2"
::1 - - [19/Oct/2024:18:30:44 +0000] "POST /v1/api/auth/signup HTTP/1.1" 201 - "-" "PostmanRuntime/7.42.0"
::ffff:192.168.2.58 - - [19/Oct/2024:18:30:44 +0000] "GET /v1/api/wallets/670fd74427d112822f1f92fb/messages HTTP/1.1" 304 - "-" "okhttp/4.9.2"
::1 - - [19/Oct/2024:18:30:47 +0000] "POST /v1/api/auth/login HTTP/1.1" 200 - "-" "PostmanRuntime/7.42.0"
::ffff:192.168.2.58 - - [19/Oct/2024:18:30:47 +0000] "GET /v1/api/wallets/670fd74427d112822f1f92fb/messages HTTP/1.1" 304 - "-" "okhttp/4.9.2"
::ffff:192.168.2.58 - - [19/Oct/2024:18:30:50 +0000] "GET /v1/api/wallets/670fd74427d112822f1f92fb/messages HTTP/1.1" 304 - "-" "okhttp/4.9.2"
::ffff:192.168.2.58 - - [19/Oct/2024:18:30:53 +0000] "GET /v1/api/wallets/670fd74427d112822f1f92fb/messages HTTP/1.1" 304 - "-" "okhttp/4.9.2"
::ffff:192.168.2.58 - - [19/Oct/2024:18:30:56 +0000] "GET /v1/api/wallets/670fd74427d112822f1f92fb/messages HTTP/1.1" 304 - "-" "okhttp/4.9.2"
::ffff:192.168.2.58 - - [19/Oct/2024:18:30:59 +0000] "GET /v1/api/wallets/670fd74427d112822f1f92fb/messages HTTP/1.1" 304 - "-" "okhttp/4.9.2"
::ffff:192.168.2.58 - - [19/Oct/2024:18:31:02 +0000] "GET /v1/api/wallets/670fd74427d112822f1f92fb/messages HTTP/1.1" 304 - "-" "okhttp/4.9.2"
::ffff:192.168.2.58 - - [19/Oct/2024:18:31:05 +0000] "GET /v1/api/wallets/670fd74427d112822f1f92fb/messages HTTP/1.1" 304 - "-" "okhttp/4.9.2"
::ffff:192.168.2.58 - - [19/Oct/2024:18:31:08 +0000] "GET /v1/api/wallets/670fd74427d112822f1f92fb/messages HTTP/1.1" 304 - "-" "okhttp/4.9.2"
::ffff:192.168.2.58 - - [19/Oct/2024:18:31:11 +0000] "GET /v1/api/wallets/670fd74427d112822f1f92fb/messages HTTP/1.1" 304 - "-" "okhttp/4.9.2"
::ffff:192.168.2.58 - - [19/Oct/2024:18:31:14 +0000] "GET /v1/api/wallets/670fd74427d112822f1f92fb/messages HTTP/1.1" 304 - "-" "okhttp/4.9.2"
::ffff:192.168.2.58 - - [19/Oct/2024:18:31:17 +0000] "GET /v1/api/wallets/670fd74427d112822f1f92fb/messages HTTP/1.1" 304 - "-" "okhttp/4.9.2"
::ffff:192.168.2.58 - - [19/Oct/2024:18:31:20 +0000] "GET /v1/api/wallets/670fd74427d112822f1f92fb/messages HTTP/1.1" 304 - "-" "okhttp/4.9.2"
::ffff:192.168.2.58 - - [19/Oct/2024:18:31:23 +0000] "GET /v1/api/wallets/670fd74427d112822f1f92fb/messages HTTP/1.1" 304 - "-" "okhttp/4.9.2"
::ffff:192.168.2.58 - - [19/Oct/2024:18:31:26 +0000] "GET /v1/api/wallets/670fd74427d112822f1f92fb/messages HTTP/1.1" 304 - "-" "okhttp/4.9.2"
::ffff:192.168.2.58 - - [19/Oct/2024:18:31:29 +0000] "GET /v1/api/wallets/670fd74427d112822f1f92fb/messages HTTP/1.1" 304 - "-" "okhttp/4.9.2"
::ffff:192.168.2.58 - - [19/Oct/2024:18:31:32 +0000] "GET /v1/api/wallets/670fd74427d112822f1f92fb/messages HTTP/1.1" 304 - "-" "okhttp/4.9.2"
::1 - - [19/Oct/2024:18:31:34 +0000] "POST /v1/api/wallets/670fd74427d112822f1f92fb/invite/6713fad40068436201c6778a HTTP/1.1" 200 104 "-" "PostmanRuntime/7.42.0"
::ffff:192.168.2.58 - - [19/Oct/2024:18:31:35 +0000] "GET /v1/api/wallets/670fd74427d112822f1f92fb/messages HTTP/1.1" 304 - "-" "okhttp/4.9.2"
::ffff:192.168.2.58 - - [19/Oct/2024:18:31:38 +0000] "GET /v1/api/wallets/670fd74427d112822f1f92fb/messages HTTP/1.1" 304 - "-" "okhttp/4.9.2"
::ffff:192.168.2.58 - - [19/Oct/2024:18:31:41 +0000] "GET /v1/api/wallets/670fd74427d112822f1f92fb/messages HTTP/1.1" 304 - "-" "okhttp/4.9.2"
::1 - - [19/Oct/2024:18:31:42 +0000] "POST /v1/api/auth/login HTTP/1.1" 200 - "-" "PostmanRuntime/7.42.0"
::ffff:192.168.2.58 - - [19/Oct/2024:18:31:44 +0000] "GET /v1/api/wallets/670fd74427d112822f1f92fb/messages HTTP/1.1" 304 - "-" "okhttp/4.9.2"
::ffff:192.168.2.58 - - [19/Oct/2024:18:31:47 +0000] "GET /v1/api/wallets/670fd74427d112822f1f92fb/messages HTTP/1.1" 304 - "-" "okhttp/4.9.2"
::ffff:192.168.2.58 - - [19/Oct/2024:18:31:50 +0000] "GET /v1/api/wallets/670fd74427d112822f1f92fb/messages HTTP/1.1" 304 - "-" "okhttp/4.9.2"
::ffff:192.168.2.58 - - [19/Oct/2024:18:31:53 +0000] "GET /v1/api/wallets/670fd74427d112822f1f92fb/messages HTTP/1.1" 304 - "-" "okhttp/4.9.2"
::ffff:192.168.2.58 - - [19/Oct/2024:18:31:56 +0000] "GET /v1/api/wallets/670fd74427d112822f1f92fb/messages HTTP/1.1" 304 - "-" "okhttp/4.9.2"
::ffff:192.168.2.58 - - [19/Oct/2024:18:31:59 +0000] "GET /v1/api/wallets/670fd74427d112822f1f92fb/messages HTTP/1.1" 304 - "-" "okhttp/4.9.2"
::ffff:192.168.2.58 - - [19/Oct/2024:18:32:02 +0000] "GET /v1/api/wallets/670fd74427d112822f1f92fb/messages HTTP/1.1" 304 - "-" "okhttp/4.9.2"
::ffff:192.168.2.58 - - [19/Oct/2024:18:32:05 +0000] "GET /v1/api/wallets/670fd74427d112822f1f92fb/messages HTTP/1.1" 304 - "-" "okhttp/4.9.2"
::ffff:192.168.2.58 - - [19/Oct/2024:18:32:08 +0000] "GET /v1/api/wallets/670fd74427d112822f1f92fb/messages HTTP/1.1" 304 - "-" "okhttp/4.9.2"
::ffff:192.168.2.58 - - [19/Oct/2024:18:32:11 +0000] "GET /v1/api/wallets/670fd74427d112822f1f92fb/messages HTTP/1.1" 304 - "-" "okhttp/4.9.2"
::ffff:192.168.2.58 - - [19/Oct/2024:18:32:14 +0000] "GET /v1/api/wallets/670fd74427d112822f1f92fb/messages HTTP/1.1" 304 - "-" "okhttp/4.9.2"
::1 - - [19/Oct/2024:18:32:17 +0000] "POST /v1/api/wallets/670fd74427d112822f1f92fb/respond HTTP/1.1" 200 131 "-" "PostmanRuntime/7.42.0"
::ffff:192.168.2.58 - - [19/Oct/2024:18:32:17 +0000] "GET /v1/api/wallets/670fd74427d112822f1f92fb/messages HTTP/1.1" 304 - "-" "okhttp/4.9.2"
::ffff:192.168.2.58 - - [19/Oct/2024:18:32:20 +0000] "GET /v1/api/wallets/670fd74427d112822f1f92fb/messages HTTP/1.1" 304 - "-" "okhttp/4.9.2"
::1 - - [19/Oct/2024:18:32:22 +0000] "POST /v1/api/wallets/670fd74427d112822f1f92fb/message HTTP/1.1" 200 288 "-" "PostmanRuntime/7.42.0"
::ffff:192.168.2.58 - - [19/Oct/2024:18:32:23 +0000] "GET /v1/api/wallets/670fd74427d112822f1f92fb/messages HTTP/1.1" 200 - "-" "okhttp/4.9.2"
::ffff:192.168.2.58 - - [19/Oct/2024:18:32:24 +0000] "GET /v1/api/users/6713fad40068436201c6778a HTTP/1.1" 200 262 "-" "okhttp/4.9.2"
::ffff:192.168.2.58 - - [19/Oct/2024:18:32:26 +0000] "GET /v1/api/wallets/670fd74427d112822f1f92fb/messages HTTP/1.1" 304 - "-" "okhttp/4.9.2"
::ffff:192.168.2.58 - - [19/Oct/2024:18:32:29 +0000] "GET /v1/api/wallets/670fd74427d112822f1f92fb/messages HTTP/1.1" 304 - "-" "okhttp/4.9.2"
::ffff:192.168.2.58 - - [19/Oct/2024:18:32:32 +0000] "GET /v1/api/wallets/670fd74427d112822f1f92fb/messages HTTP/1.1" 304 - "-" "okhttp/4.9.2"
::ffff:192.168.2.58 - - [19/Oct/2024:18:32:35 +0000] "GET /v1/api/wallets/670fd74427d112822f1f92fb/messages HTTP/1.1" 304 - "-" "okhttp/4.9.2"
::ffff:192.168.2.58 - - [19/Oct/2024:18:32:38 +0000] "GET /v1/api/wallets/670fd74427d112822f1f92fb/messages HTTP/1.1" 304 - "-" "okhttp/4.9.2"
::ffff:192.168.2.58 - - [19/Oct/2024:18:32:41 +0000] "GET /v1/api/wallets/670fd74427d112822f1f92fb/messages HTTP/1.1" 304 - "-" "okhttp/4.9.2"
::1 - - [19/Oct/2024:18:32:42 +0000] "POST /v1/api/wallets/670fd74427d112822f1f92fb/message HTTP/1.1" 200 300 "-" "PostmanRuntime/7.42.0"
::ffff:192.168.2.58 - - [19/Oct/2024:18:32:44 +0000] "GET /v1/api/wallets/670fd74427d112822f1f92fb/messages HTTP/1.1" 200 - "-" "okhttp/4.9.2"
::ffff:192.168.2.58 - - [19/Oct/2024:18:32:47 +0000] "GET /v1/api/wallets/670fd74427d112822f1f92fb/messages HTTP/1.1" 304 - "-" "okhttp/4.9.2"
::ffff:192.168.2.58 - - [19/Oct/2024:18:32:50 +0000] "GET /v1/api/wallets/670fd74427d112822f1f92fb/messages HTTP/1.1" 304 - "-" "okhttp/4.9.2"
::ffff:192.168.2.58 - - [19/Oct/2024:18:32:53 +0000] "GET /v1/api/wallets/670fd74427d112822f1f92fb/messages HTTP/1.1" 304 - "-" "okhttp/4.9.2"
::ffff:192.168.2.58 - - [19/Oct/2024:18:32:56 +0000] "GET /v1/api/wallets/670fd74427d112822f1f92fb/messages HTTP/1.1" 304 - "-" "okhttp/4.9.2"
::ffff:192.168.2.58 - - [19/Oct/2024:18:32:59 +0000] "GET /v1/api/wallets/670fd74427d112822f1f92fb/messages HTTP/1.1" 304 - "-" "okhttp/4.9.2"
::ffff:192.168.2.58 - - [19/Oct/2024:18:33:02 +0000] "GET /v1/api/wallets/670fd74427d112822f1f92fb/messages HTTP/1.1" 304 - "-" "okhttp/4.9.2"
::ffff:192.168.2.58 - - [19/Oct/2024:18:33:05 +0000] "GET /v1/api/wallets/670fd74427d112822f1f92fb/messages HTTP/1.1" 304 - "-" "okhttp/4.9.2"
::ffff:192.168.2.58 - - [19/Oct/2024:18:33:08 +0000] "GET /v1/api/wallets/670fd74427d112822f1f92fb/messages HTTP/1.1" 304 - "-" "okhttp/4.9.2"
::ffff:192.168.2.58 - - [19/Oct/2024:18:33:11 +0000] "GET /v1/api/wallets/670fd74427d112822f1f92fb/messages HTTP/1.1" 304 - "-" "okhttp/4.9.2"
::ffff:192.168.2.58 - - [19/Oct/2024:18:33:14 +0000] "GET /v1/api/wallets/670fd74427d112822f1f92fb/messages HTTP/1.1" 304 - "-" "okhttp/4.9.2"
::ffff:192.168.2.58 - - [19/Oct/2024:18:33:17 +0000] "GET /v1/api/wallets/670fd74427d112822f1f92fb/messages HTTP/1.1" 304 - "-" "okhttp/4.9.2"
::ffff:192.168.2.58 - - [19/Oct/2024:18:33:20 +0000] "GET /v1/api/wallets/670fd74427d112822f1f92fb/messages HTTP/1.1" 304 - "-" "okhttp/4.9.2"
::ffff:192.168.2.58 - - [19/Oct/2024:18:33:23 +0000] "GET /v1/api/wallets/670fd74427d112822f1f92fb/messages HTTP/1.1" 304 - "-" "okhttp/4.9.2"
::1 - - [19/Oct/2024:18:33:24 +0000] "POST /v1/api/auth/login HTTP/1.1" 400 73 "-" "PostmanRuntime/7.42.0"
::ffff:192.168.2.58 - - [19/Oct/2024:18:33:26 +0000] "GET /v1/api/wallets/670fd74427d112822f1f92fb/messages HTTP/1.1" 304 - "-" "okhttp/4.9.2"
::ffff:192.168.2.58 - - [19/Oct/2024:18:33:29 +0000] "GET /v1/api/wallets/670fd74427d112822f1f92fb/messages HTTP/1.1" 304 - "-" "okhttp/4.9.2"
::ffff:192.168.2.58 - - [19/Oct/2024:18:33:32 +0000] "GET /v1/api/wallets/670fd74427d112822f1f92fb/messages HTTP/1.1" 304 - "-" "okhttp/4.9.2"
::1 - - [19/Oct/2024:18:33:33 +0000] "POST /v1/api/auth/login HTTP/1.1" 200 - "-" "PostmanRuntime/7.42.0"
::ffff:192.168.2.58 - - [19/Oct/2024:18:33:35 +0000] "GET /v1/api/wallets/670fd74427d112822f1f92fb/messages HTTP/1.1" 304 - "-" "okhttp/4.9.2"
::ffff:192.168.2.58 - - [19/Oct/2024:18:33:38 +0000] "GET /v1/api/wallets/670fd74427d112822f1f92fb/messages HTTP/1.1" 304 - "-" "okhttp/4.9.2"
::1 - - [19/Oct/2024:18:33:39 +0000] "POST /v1/api/wallets/670fd74427d112822f1f92fb/message HTTP/1.1" 200 300 "-" "PostmanRuntime/7.42.0"
::ffff:192.168.2.58 - - [19/Oct/2024:18:33:41 +0000] "GET /v1/api/wallets/670fd74427d112822f1f92fb/messages HTTP/1.1" 200 - "-" "okhttp/4.9.2"
::ffff:192.168.2.58 - - [19/Oct/2024:18:33:44 +0000] "GET /v1/api/wallets/670fd74427d112822f1f92fb/messages HTTP/1.1" 304 - "-" "okhttp/4.9.2"
::ffff:192.168.2.58 - - [19/Oct/2024:18:33:47 +0000] "GET /v1/api/wallets/670fd74427d112822f1f92fb/messages HTTP/1.1" 304 - "-" "okhttp/4.9.2"
::ffff:192.168.2.58 - - [19/Oct/2024:18:33:50 +0000] "GET /v1/api/wallets/670fd74427d112822f1f92fb/messages HTTP/1.1" 304 - "-" "okhttp/4.9.2"
::ffff:192.168.2.58 - - [19/Oct/2024:18:33:53 +0000] "GET /v1/api/wallets/670fd74427d112822f1f92fb/messages HTTP/1.1" 304 - "-" "okhttp/4.9.2"
::ffff:192.168.2.58 - - [19/Oct/2024:18:33:56 +0000] "GET /v1/api/wallets/670fd74427d112822f1f92fb/messages HTTP/1.1" 304 - "-" "okhttp/4.9.2"
::ffff:192.168.2.58 - - [19/Oct/2024:18:33:59 +0000] "GET /v1/api/wallets/670fd74427d112822f1f92fb/messages HTTP/1.1" 304 - "-" "okhttp/4.9.2"
::ffff:192.168.2.58 - - [19/Oct/2024:18:34:02 +0000] "GET /v1/api/wallets/670fd74427d112822f1f92fb/messages HTTP/1.1" 304 - "-" "okhttp/4.9.2"
::ffff:192.168.2.58 - - [19/Oct/2024:18:34:05 +0000] "GET /v1/api/wallets/670fd74427d112822f1f92fb/messages HTTP/1.1" 304 - "-" "okhttp/4.9.2"
::ffff:192.168.2.58 - - [19/Oct/2024:18:34:08 +0000] "GET /v1/api/wallets/670fd74427d112822f1f92fb/messages HTTP/1.1" 304 - "-" "okhttp/4.9.2"
::ffff:192.168.2.58 - - [19/Oct/2024:18:34:11 +0000] "GET /v1/api/wallets/670fd74427d112822f1f92fb/messages HTTP/1.1" 304 - "-" "okhttp/4.9.2"
::ffff:192.168.2.58 - - [19/Oct/2024:18:34:14 +0000] "GET /v1/api/wallets/670fd74427d112822f1f92fb/messages HTTP/1.1" 304 - "-" "okhttp/4.9.2"
::ffff:192.168.2.58 - - [19/Oct/2024:18:34:17 +0000] "GET /v1/api/wallets/670fd74427d112822f1f92fb/messages HTTP/1.1" 304 - "-" "okhttp/4.9.2"
::1 - - [19/Oct/2024:18:34:19 +0000] "POST /v1/api/auth/signup HTTP/1.1" 201 - "-" "PostmanRuntime/7.42.0"
::ffff:192.168.2.58 - - [19/Oct/2024:18:34:20 +0000] "GET /v1/api/wallets/670fd74427d112822f1f92fb/messages HTTP/1.1" 304 - "-" "okhttp/4.9.2"
::1 - - [19/Oct/2024:18:34:23 +0000] "POST /v1/api/auth/login HTTP/1.1" 200 - "-" "PostmanRuntime/7.42.0"
::ffff:192.168.2.58 - - [19/Oct/2024:18:34:23 +0000] "GET /v1/api/wallets/670fd74427d112822f1f92fb/messages HTTP/1.1" 304 - "-" "okhttp/4.9.2"
::ffff:192.168.2.58 - - [19/Oct/2024:18:34:26 +0000] "GET /v1/api/wallets/670fd74427d112822f1f92fb/messages HTTP/1.1" 304 - "-" "okhttp/4.9.2"
::ffff:192.168.2.58 - - [19/Oct/2024:18:34:29 +0000] "GET /v1/api/wallets/670fd74427d112822f1f92fb/messages HTTP/1.1" 304 - "-" "okhttp/4.9.2"
::ffff:192.168.2.58 - - [19/Oct/2024:18:34:32 +0000] "GET /v1/api/wallets/670fd74427d112822f1f92fb/messages HTTP/1.1" 304 - "-" "okhttp/4.9.2"
